// Jest Snapshot v1, https://goo.gl/fbAQLP

exports[`CharacterCard should match the snapshot 1`] = `
<article
  className="character_card"
>
  <h2>
     
    bob
     
  </h2>
  <p>
     Homeworld: 
    t
     
  </p>
  <p>
     Population: 
    a
     
  </p>
  <p>
     Species: 
    droid
     
  </p>
  <p>
     Related Films: 
     
  </p>
</article>
`;
