// Jest Snapshot v1, https://goo.gl/fbAQLP

exports[`Loading should match the snapshot 1`] = `
<div>
  <img
    alt=""
    className="loading"
    src="https://media.giphy.com/media/W5s26R38g69Uc9CWCI/giphy.gif"
  />
  <p>
    Hang tight...delivering your data
  </p>
</div>
`;
